// Jest Snapshot v1, https://goo.gl/fbAQLP

exports[`elif_multi_body.py 1`] = `
if condition:
    pass
else:
    assert something
    another_statement()
~~~~~~~~~~~~~~~~~~~~~~~~~~~~~~~~~~~~~~~~~~~~~~~~~~~~~~~~~~~~~~~~~~~~~~~~~~~~~~~~
if condition:
    pass
assert somethinganother_statement()

`;
